// Jest Snapshot v1, https://goo.gl/fbAQLP

exports[`ApodList component renders the ApodList component 1`] = `
<DocumentFragment>
  <figure>
    <h1>
      Messier 76
    </h1>
    <h3>
      https://apod.nasa.gov/apod/image/0611/Messier76_seip_smallcc.jpg
    </h3>
    <h3>
      About: Nebula at the right foot of Andromeda...
    </h3>
  </figure>
</DocumentFragment>
`;

exports[`Character component renders a character 1`] = `
<DocumentFragment>
  <figure>
    <h1>
      Messier 76
    </h1>
    <h3>
      https://apod.nasa.gov/apod/image/0611/Messier76_seip_smallcc.jpg
    </h3>
    <h3>
      About: Nebula at the right foot of Andromeda...
    </h3>
  </figure>
</DocumentFragment>
`;
